// Jest Snapshot v1, https://goo.gl/fbAQLP

exports[`renders normal button correctly 1`] = `
<StyledComponent
  disabled={false}
  forwardedClass={
    Object {
      "$$typeof": Symbol(react.forward_ref),
      "attrs": Array [],
      "componentStyle": ComponentStyle {
        "componentId": "sc-bdVaJa",
        "isStatic": false,
        "rules": Array [
          "
  border-radius: 5px;
  font-weight: 600;
  letter-spacing: 1px;
  text-decoration: none;
  white-space: nowrap;
  font-size: 1rem;
  appearance: none;
  padding: 1em 2em;
  background: transparent;
  margin: 0 2px 15px;
  outline: 0;
  transition: transform 100ms ease-out, box-shadow 100ms ease-out;

  ",
          [Function],
          "

  ",
          [Function],
          "

  ",
          [Function],
          "

  color: ",
          [Function],
          ";
  border: 2px solid ",
          [Function],
          ";

  ",
          [Function],
          "

  ",
          [Function],
          "

  ",
          [Function],
          "

  ",
          [Function],
          "
",
        ],
      },
      "defaultProps": Object {
        "disabled": false,
        "large": false,
        "primary": false,
        "secondary": false,
        "small": false,
        "theme": Object {
          "blackColor": "#000000",
          "darkBlueColor": "#02469B",
          "darkGrayColor": "#4A4A4A",
          "darkestBlueColor": "#02254D",
          "darkestGrayColor": "#303030",
          "greenColor": "#76B041",
          "lightBlueColor": "#0190D0",
          "lightGrayColor": "#D8D8D8",
          "lightestBlueColor": "#00FEFE",
          "mediumGrayColor": "#979797",
          "primaryColor": "#1676B7",
          "secondaryColor": "#17BEBB",
          "whiteBackgroundColor": "#fdfdfd",
          "whiteColor": "#ffffff",
          "yellowColor": "#FFC914",
        },
        "uppercase": false,
      },
      "displayName": "styled.button",
      "propTypes": Object {
        "children": [Function],
        "disabled": [Function],
        "large": [Function],
        "primary": [Function],
        "secondary": [Function],
        "small": [Function],
        "theme": [Function],
        "uppercase": [Function],
      },
      "render": [Function],
      "styledComponentId": "sc-bdVaJa",
      "target": "button",
      "toString": [Function],
      "warnTooManyClasses": [Function],
      "withComponent": [Function],
    }
  }
  forwardedRef={null}
  large={false}
  primary={false}
  secondary={false}
  small={false}
  theme={
    Object {
      "blackColor": "#000000",
      "darkBlueColor": "#02469B",
      "darkGrayColor": "#4A4A4A",
      "darkestBlueColor": "#02254D",
      "darkestGrayColor": "#303030",
      "greenColor": "#76B041",
      "lightBlueColor": "#0190D0",
      "lightGrayColor": "#D8D8D8",
      "lightestBlueColor": "#00FEFE",
      "mediumGrayColor": "#979797",
      "primaryColor": "#1676B7",
      "secondaryColor": "#17BEBB",
      "whiteBackgroundColor": "#fdfdfd",
      "whiteColor": "#ffffff",
      "yellowColor": "#FFC914",
    }
  }
  uppercase={false}
>
  Test
</StyledComponent>
`;
